---
source: src/interpreter/mod.rs
expression: output
input_file: test_programs/interpreter/operator/multiply_nonnum_num.lox
---
Runtime error: [ line 1 ] : Incompatible operands.
