---
source: src/interpreter/mod.rs
expression: output
input_file: test_programs/interpreter/string/multiline.lox
---
1
2
3
