---
source: src/interpreter/mod.rs
expression: output
input_file: test_programs/interpreter/closure/open_closure_in_function.lox
---
local
