---
source: src/interpreter/mod.rs
expression: output
input_file: test_programs/interpreter/string/error_after_multiline.lox
---
Runtime error: [ line 7 ] : Undefined variable 'err'.
