---
source: src/interpreter/mod.rs
expression: output
input_file: test_programs/interpreter/super/extra_arguments.lox
---
Runtime error: [ line 10 ] : Expected 2 arguments but got 4.
