---
source: src/interpreter/mod.rs
expression: output
input_file: test_programs/interpreter/variable/use_global_in_initializer.lox
---
value
