---
source: src/interpreter/mod.rs
expression: output
input_file: test_programs/interpreter/variable/early_bound.lox
---
outer
outer
