---
source: src/interpreter/mod.rs
expression: output
input_file: test_programs/interpreter/return/return_nil_if_no_value.lox
---
nil
