---
source: src/interpreter/mod.rs
expression: output
input_file: test_programs/interpreter/class/local_reference_self.lox
---
Foo
