---
source: src/interpreter/mod.rs
expression: output
input_file: test_programs/interpreter/super/closure.lox
---
Base
