---
source: src/interpreter/mod.rs
expression: out_str
input_file: test_programs/interpreter/operator/equals.lox
---
true
true
false
true
false
true
false
false
false
false
