---
source: src/interpreter/mod.rs
expression: out_str
input_file: test_programs/interpreter/operator/add.lox
---
579
string
