---
source: src/interpreter/mod.rs
expression: output
input_file: test_programs/interpreter/function/missing_arguments.lox
---
Runtime error: [ line 3 ] : Expected 2 arguments but got 1.
