---
source: src/interpreter/mod.rs
expression: out_str
input_file: test_programs/interpreter/operator/subtract.lox
---
1
0
