---
source: src/interpreter/mod.rs
expression: output
input_file: test_programs/interpreter/variable/undefined_global.lox
---
Runtime error: [ line 1 ] : Undefined variable 'notDefined'.
