---
source: src/interpreter/mod.rs
expression: output
input_file: test_programs/interpreter/variable/unreached_undefined.lox
---
ok
