---
source: src/interpreter/mod.rs
expression: output
input_file: test_programs/interpreter/inheritance/parenthesized_superclass.lox
---
Syntax error(s):
[ line 4 ] : Expect 'Identifier'.
