---
source: src/interpreter/mod.rs
expression: output
input_file: test_programs/interpreter/return/in_function.lox
---
ok
