---
source: src/interpreter/mod.rs
expression: output
input_file: test_programs/interpreter/closure/assign_to_shadowed_later.lox
---
inner
assigned
