---
source: src/interpreter/mod.rs
expression: output
input_file: test_programs/interpreter/call/string.lox
---
Runtime error: [ line 1 ] : Can only call functions and classes.
