---
source: src/interpreter/mod.rs
expression: output
input_file: test_programs/interpreter/method/print_bound_method.lox
---
<fn "method">
