---
source: src/interpreter/mod.rs
expression: output
input_file: test_programs/interpreter/super/reassign_superclass.lox
---
Base.method()
Base.method()
