---
source: src/interpreter/mod.rs
expression: out_str
input_file: test_programs/interpreter/comments/line_at_eof.lox
---
ok
