---
source: src/interpreter/mod.rs
expression: output
input_file: test_programs/interpreter/variable/undefined_local.lox
---
Runtime error: [ line 2 ] : Undefined variable 'notDefined'.
