---
source: src/interpreter/mod.rs
expression: output
input_file: test_programs/interpreter/string/unterminated.lox
---
Scanner error(s):
[ line 2 ] : Unterminated string.
