---
source: src/interpreter/mod.rs
expression: output
input_file: test_programs/interpreter/for/statement_condition.lox
---
Syntax error(s):
[ line 3 ] : Expect expression.
[ line 3 ] : Expect 'Semicolon'.
